// Jest Snapshot v1, https://goo.gl/fbAQLP

exports[`ChatCopy matches the expected snapshot (regression guard against accidental copy changes) 1`] = `
[
  "attachments.camera:string",
  "attachments.contact:string",
  "attachments.document:string",
  "attachments.gallery:string",
  "attachments.location:string",
  "attachments.title:string",
  "comingSoon.chatTheme.body:string",
  "comingSoon.chatTheme.title:string",
  "comingSoon.exportChat.body:string",
  "comingSoon.exportChat.title:string",
  "comingSoon.videoCall.body:string",
  "comingSoon.videoCall.footnote:string",
  "comingSoon.videoCall.title:string",
  "comingSoon.voiceCall.body:string",
  "comingSoon.voiceCall.footnote:string",
  "comingSoon.voiceCall.title:string",
  "forward.action:string",
  "forward.empty:string",
  "forward.failed:string",
  "forward.label:string",
  "forward.pickerTitle:string",
  "forward.sending:string",
  "forward.sent:string",
  "list.addFilterBody:string",
  "list.addFilterTitle:string",
  "list.allCaughtUp:string",
  "list.deleteAll:string",
  "list.empty:string",
  "list.emptyBody:string",
  "list.filter:string",
  "list.greeting:function",
  "list.greetingFallback:string",
  "list.readAll:string",
  "list.searchPlaceholder:string",
  "list.selectedCount:function",
  "pin.capBody:function",
  "pin.capTitle:string",
  "pin.failBody:string",
  "pin.failTitle:string",
  "pin.pin:string",
  "pin.unpin:string",
  "recorder.holdToRecord:string",
  "recorder.permissionDenied:string",
  "recorder.recording:string",
  "recorder.tapSendToShare:string",
  "thread.deliveredHint:string",
  "thread.readHint:string",
  "thread.todayLabel:string",
  "thread.typePlaceholder:string",
  "thread.videoCall:string",
  "thread.voiceCall:string",
  "thread.yesterdayLabel:string",
]
`;
